[    0.000000] Initializing cgroup subsys cpuset
[    0.000000] Initializing cgroup subsys cpu
[    0.000000] Initializing cgroup subsys cpuacct
[    0.000000] Linux version 4.4.0-87-generic (buildd@lcy01-31) (gcc version 5.4.0 20160609 (Ubuntu 5.4.0-6ubuntu1~16.04.4) ) #110-Ubuntu SMP Tue Jul 18 12:55:35 UTC 2017 (Ubuntu 4.4.0-87.110-generic 4.4.73)
[    0.000000] Command line: BOOT_IMAGE=/boot/vmlinuz-4.4.0-87-generic root=LABEL=cloudimg-rootfs ro console=tty1 console=ttyS0
[    0.000000] KERNEL supported cpus:
[    0.000000]   Intel GenuineIntel
[    0.000000]   AMD AuthenticAMD
[    0.000000]   Centaur CentaurHauls
[    0.000000] x86/fpu: xstate_offset[2]:  576, xstate_sizes[2]:  256
[    0.000000] x86/fpu: Supporting XSAVE feature 0x01: 'x87 floating point registers'
[    0.000000] x86/fpu: Supporting XSAVE feature 0x02: 'SSE registers'
[    0.000000] x86/fpu: Supporting XSAVE feature 0x04: 'AVX registers'
[    0.000000] x86/fpu: Enabled xstate features 0x7, context size is 832 bytes, using 'standard' format.
[    0.000000] x86/fpu: Using 'lazy' FPU context switches.
[    0.000000] e820: BIOS-provided physical RAM map:
[    0.000000] BIOS-e820: [mem 0x0000000000000000-0x000000000009fbff] usable
[    0.000000] BIOS-e820: [mem 0x000000000009fc00-0x000000000009ffff] reserved
[    0.000000] BIOS-e820: [mem 0x00000000000f0000-0x00000000000fffff] reserved
[    0.000000] BIOS-e820: [mem 0x0000000000100000-0x000000001ffeffff] usable
[    0.000000] BIOS-e820: [mem 0x000000001fff0000-0x000000001fffffff] ACPI data
[    0.000000] BIOS-e820: [mem 0x00000000fec00000-0x00000000fec00fff] reserved
[    0.000000] BIOS-e820: [mem 0x00000000fee00000-0x00000000fee00fff] reserved
[    0.000000] BIOS-e820: [mem 0x00000000fffc0000-0x00000000ffffffff] reserved
[    0.000000] NX (Execute Disable) protection: active
[    0.000000] SMBIOS 2.5 present.
[    0.000000] Hypervisor detected: KVM
[    0.000000] e820: last_pfn = 0x1fff0 max_arch_pfn = 0x400000000
[    0.000000] MTRR: Disabled
[    0.000000] x86/PAT: MTRRs disabled, skipping PAT initialization too.
[    0.000000] x86/PAT: Configuration [0-7]: WB  WT  UC- UC  WB  WT  UC- UC  
[    0.000000] CPU MTRRs all blank - virtualized system.
[    0.000000] found SMP MP-table at [mem 0x0009fff0-0x0009ffff] mapped at [ffff88000009fff0]
[    0.000000] Scanning 1 areas for low memory corruption
[    0.000000] RAMDISK: [mem 0x1ecaa000-0x1f740fff]
[    0.000000] ACPI: Early table checksum verification disabled
[    0.000000] ACPI: RSDP 0x00000000000E0000 000024 (v02 VBOX  )
[    0.000000] ACPI: XSDT 0x000000001FFF0030 00003C (v01 VBOX   VBOXXSDT 00000001 ASL  00000061)
[    0.000000] ACPI: FACP 0x000000001FFF00F0 0000F4 (v04 VBOX   VBOXFACP 00000001 ASL  00000061)
[    0.000000] ACPI: DSDT 0x000000001FFF0470 0021C8 (v02 VBOX   VBOXBIOS 00000002 INTL 20160108)
[    0.000000] ACPI: FACS 0x000000001FFF0200 000040
[    0.000000] ACPI: FACS 0x000000001FFF0200 000040
[    0.000000] ACPI: APIC 0x000000001FFF0240 000054 (v02 VBOX   VBOXAPIC 00000001 ASL  00000061)
[    0.000000] ACPI: SSDT 0x000000001FFF02A0 0001CC (v01 VBOX   VBOXCPUT 00000002 INTL 20160108)
[    0.000000] No NUMA configuration found
[    0.000000] Faking a node at [mem 0x0000000000000000-0x000000001ffeffff]
[    0.000000] NODE_DATA(0) allocated [mem 0x1ffeb000-0x1ffeffff]
[    0.000000] kvm-clock: Using msrs 4b564d01 and 4b564d00
[    0.000000] kvm-clock: cpu 0, msr 0:1ffe3001, primary cpu clock
[    0.000000] kvm-clock: using sched offset of 5205685550 cycles
[    0.000000] clocksource: kvm-clock: mask: 0xffffffffffffffff max_cycles: 0x1cd42e4dffb, max_idle_ns: 881590591483 ns
[    0.000000] Zone ranges:
[    0.000000]   DMA      [mem 0x0000000000001000-0x0000000000ffffff]
[    0.000000]   DMA32    [mem 0x0000000001000000-0x000000001ffeffff]
[    0.000000]   Normal   empty
[    0.000000]   Device   empty
[    0.000000] Movable zone start for each node
[    0.000000] Early memory node ranges
[    0.000000]   node   0: [mem 0x0000000000001000-0x000000000009efff]
[    0.000000]   node   0: [mem 0x0000000000100000-0x000000001ffeffff]
[    0.000000] Initmem setup node 0 [mem 0x0000000000001000-0x000000001ffeffff]
[    0.000000] ACPI: PM-Timer IO Port: 0x4008
[    0.000000] IOAPIC[0]: apic_id 1, version 32, address 0xfec00000, GSI 0-23
[    0.000000] ACPI: INT_SRC_OVR (bus 0 bus_irq 0 global_irq 2 dfl dfl)
[    0.000000] ACPI: INT_SRC_OVR (bus 0 bus_irq 9 global_irq 9 high level)
[    0.000000] Using ACPI (MADT) for SMP configuration information
[    0.000000] smpboot: Allowing 1 CPUs, 0 hotplug CPUs
[    0.000000] PM: Registered nosave memory: [mem 0x00000000-0x00000fff]
[    0.000000] PM: Registered nosave memory: [mem 0x0009f000-0x0009ffff]
[    0.000000] PM: Registered nosave memory: [mem 0x000a0000-0x000effff]
[    0.000000] PM: Registered nosave memory: [mem 0x000f0000-0x000fffff]
[    0.000000] e820: [mem 0x20000000-0xfebfffff] available for PCI devices
[    0.000000] Booting paravirtualized kernel on KVM
[    0.000000] clocksource: refined-jiffies: mask: 0xffffffff max_cycles: 0xffffffff, max_idle_ns: 7645519600211568 ns
[    0.000000] setup_percpu: NR_CPUS:512 nr_cpumask_bits:512 nr_cpu_ids:1 nr_node_ids:1
[    0.000000] PERCPU: Embedded 33 pages/cpu @ffff88001fc00000 s98264 r8192 d28712 u2097152
[    0.000000] PV qspinlock hash table entries: 256 (order: 0, 4096 bytes)
[    0.000000] Built 1 zonelists in Node order, mobility grouping on.  Total pages: 128889
[    0.000000] Policy zone: DMA32
[    0.000000] Kernel command line: BOOT_IMAGE=/boot/vmlinuz-4.4.0-87-generic root=LABEL=cloudimg-rootfs ro console=tty1 console=ttyS0
[    0.000000] PID hash table entries: 2048 (order: 2, 16384 bytes)
[    0.000000] Memory: 485784K/523832K available (8474K kernel code, 1293K rwdata, 3984K rodata, 1488K init, 1316K bss, 38048K reserved, 0K cma-reserved)
[    0.000000] SLUB: HWalign=64, Order=0-3, MinObjects=0, CPUs=1, Nodes=1
[    0.000000] Hierarchical RCU implementation.
[    0.000000] 	Build-time adjustment of leaf fanout to 64.
[    0.000000] 	RCU restricting CPUs from NR_CPUS=512 to nr_cpu_ids=1.
[    0.000000] RCU: Adjusting geometry for rcu_fanout_leaf=64, nr_cpu_ids=1
[    0.000000] NR_IRQS:33024 nr_irqs:256 16
[    0.000000] Console: colour VGA+ 80x25
[    0.000000] console [tty1] enabled
[    0.000000] console [ttyS0] enabled
[    0.000000] tsc: Detected 4000.996 MHz processor
[    1.077174] Calibrating delay loop (skipped) preset value.. 8001.99 BogoMIPS (lpj=16003984)
[    1.091851] pid_max: default: 32768 minimum: 301
[    1.099541] ACPI: Core revision 20150930
[    1.107549] ACPI: 2 ACPI AML tables successfully acquired and loaded
[    1.119191] Security Framework initialized
[    1.126360] Yama: becoming mindful.
[    1.132856] AppArmor: AppArmor initialized
[    1.139971] Dentry cache hash table entries: 65536 (order: 7, 524288 bytes)
[    1.151250] Inode-cache hash table entries: 32768 (order: 6, 262144 bytes)
[    1.161782] Mount-cache hash table entries: 1024 (order: 1, 8192 bytes)
[    1.171849] Mountpoint-cache hash table entries: 1024 (order: 1, 8192 bytes)
[    1.182682] Initializing cgroup subsys io
[    1.190178] Initializing cgroup subsys memory
[    1.197696] Initializing cgroup subsys devices
[    1.205333] Initializing cgroup subsys freezer
[    1.212882] Initializing cgroup subsys net_cls
[    1.220588] Initializing cgroup subsys perf_event
[    1.228989] Initializing cgroup subsys net_prio
[    1.236922] Initializing cgroup subsys hugetlb
[    1.244389] Initializing cgroup subsys pids
[    1.252151] CPU: Physical Processor ID: 0
[    1.260169] mce: CPU supports 0 MCE banks
[    1.267686] Last level iTLB entries: 4KB 1024, 2MB 1024, 4MB 1024
[    1.277501] Last level dTLB entries: 4KB 1024, 2MB 1024, 4MB 1024, 1GB 4
[    1.348295] Freeing SMP alternatives memory: 32K (ffffffff820b9000 - ffffffff820c1000)
[    1.404884] ftrace: allocating 32128 entries in 126 pages
[    1.619374] smpboot: APIC(0) Converting physical 0 to logical package 0
[    1.631650] smpboot: Max logical packages: 1
[    1.641295] x2apic enabled
[    1.648779] Switched APIC routing to physical x2apic.
[    1.666212] ..TIMER: vector=0x30 apic1=0 pin1=2 apic2=-1 pin2=-1
[    1.715996] APIC calibration not consistent with PM-Timer: 175ms instead of 100ms
[    1.728780] APIC delta adjusted to PM-Timer: 6329864 (11136264)
[    1.738386] smpboot: CPU0: Intel(R) Core(TM) i7-4790K CPU @ 4.00GHz (family: 0x6, model: 0x3c, stepping: 0x3)
[    1.757105] Performance Events: unsupported p6 CPU model 60 no PMU driver, software events only.
[    1.773238] KVM setup paravirtual spinlock
[    1.781050] x86: Booted up 1 node, 1 CPUs
[    1.788395] smpboot: Total of 1 processors activated (8001.99 BogoMIPS)
[    1.799991] devtmpfs: initialized
[    1.807260] evm: security.selinux
[    1.813471] evm: security.SMACK64
[    1.819666] evm: security.SMACK64EXEC
[    1.826629] evm: security.SMACK64TRANSMUTE
[    1.834140] evm: security.SMACK64MMAP
[    1.840718] evm: security.ima
[    1.846504] evm: security.capability
[    1.852983] clocksource: jiffies: mask: 0xffffffff max_cycles: 0xffffffff, max_idle_ns: 7645041785100000 ns
[    1.868878] futex hash table entries: 256 (order: 2, 16384 bytes)
[    1.878584] pinctrl core: initialized pinctrl subsystem
[    1.887425] RTC time:  3:25:31, date: 02/09/18
[    1.895408] NET: Registered protocol family 16
[    1.903371] cpuidle: using governor ladder
[    1.910796] cpuidle: using governor menu
[    1.917681] PCCT header not found.
[    1.924045] ACPI: bus type PCI registered
[    1.931476] acpiphp: ACPI Hot Plug PCI Controller Driver version: 0.5
[    1.942276] PCI: Using configuration type 1 for base access
[    1.952449] ACPI: Added _OSI(Module Device)
[    1.959705] ACPI: Added _OSI(Processor Device)
[    1.967206] ACPI: Added _OSI(3.0 _SCP Extensions)
[    1.975085] ACPI: Added _OSI(Processor Aggregator Device)
[    1.985902] ACPI: Executed 1 blocks of module-level executable AML code
[    2.000189] ACPI: Interpreter enabled
[    2.006725] ACPI: (supports S0 S5)
[    2.013024] ACPI: Using IOAPIC for interrupt routing
[    2.021478] PCI: Using host bridge windows from ACPI; if necessary, use "pci=nocrs" and report a bug
[    2.045192] ACPI: PCI Root Bridge [PCI0] (domain 0000 [bus 00-ff])
[    2.054849] acpi PNP0A03:00: _OSC: OS supports [ASPM ClockPM Segments MSI]
[    2.065603] acpi PNP0A03:00: _OSC failed (AE_NOT_FOUND); disabling ASPM
[    2.075933] acpi PNP0A03:00: fail to add MMCONFIG information, can't access extended PCI configuration space under this bridge.
[    2.094433] PCI host bridge to bus 0000:00
[    2.101705] pci_bus 0000:00: root bus resource [io  0x0000-0x0cf7 window]
[    2.112411] pci_bus 0000:00: root bus resource [io  0x0d00-0xffff window]
[    2.122518] pci_bus 0000:00: root bus resource [mem 0x000a0000-0x000bffff window]
[    2.135199] pci_bus 0000:00: root bus resource [mem 0x20000000-0xffdfffff window]
[    2.148329] pci_bus 0000:00: root bus resource [bus 00-ff]
[    2.169953] pci 0000:00:01.1: legacy IDE quirk: reg 0x10: [io  0x01f0-0x01f7]
[    2.180681] pci 0000:00:01.1: legacy IDE quirk: reg 0x14: [io  0x03f6]
[    2.191183] pci 0000:00:01.1: legacy IDE quirk: reg 0x18: [io  0x0170-0x0177]
[    2.201922] pci 0000:00:01.1: legacy IDE quirk: reg 0x1c: [io  0x0376]
[    2.295609] pci 0000:00:07.0: quirk: [io  0x4000-0x403f] claimed by PIIX4 ACPI
[    2.308688] pci 0000:00:07.0: quirk: [io  0x4100-0x410f] claimed by PIIX4 SMB
[    2.372489] ACPI: PCI Interrupt Link [LNKA] (IRQs 5 9 10 *11)
[    2.463871] ACPI: PCI Interrupt Link [LNKB] (IRQs 5 9 10 *11)
[    2.478108] ACPI: PCI Interrupt Link [LNKC] (IRQs 5 9 *10 11)
[    2.492122] ACPI: PCI Interrupt Link [LNKD] (IRQs 5 *9 10 11)
[    2.506718] ACPI: Enabled 2 GPEs in block 00 to 07
[    2.518138] vgaarb: setting as boot device: PCI:0000:00:02.0
[    2.527126] vgaarb: device added: PCI:0000:00:02.0,decodes=io+mem,owns=io+mem,locks=none
[    2.540868] vgaarb: loaded
[    2.546836] vgaarb: bridge control possible 0000:00:02.0
[    2.556636] SCSI subsystem initialized
[    2.563747] ACPI: bus type USB registered
[    2.570862] usbcore: registered new interface driver usbfs
[    2.579803] usbcore: registered new interface driver hub
[    2.588679] usbcore: registered new device driver usb
[    2.597317] PCI: Using ACPI for IRQ routing
[    2.606549] NetLabel: Initializing
[    2.612860] NetLabel:  domain hash size = 128
[    2.620793] NetLabel:  protocols = UNLABELED CIPSOv4
[    2.629728] NetLabel:  unlabeled traffic allowed by default
[    2.639103] amd_nb: Cannot enumerate AMD northbridges
[    2.647339] clocksource: Switched to clocksource kvm-clock
[    2.664718] AppArmor: AppArmor Filesystem Enabled
[    2.704803] pnp: PnP ACPI init
[    2.714035] pnp: PnP ACPI: found 3 devices
[    2.727936] clocksource: acpi_pm: mask: 0xffffff max_cycles: 0xffffff, max_idle_ns: 2085701024 ns
[    2.742240] NET: Registered protocol family 2
[    2.750241] TCP established hash table entries: 4096 (order: 3, 32768 bytes)
[    2.782181] TCP bind hash table entries: 4096 (order: 4, 65536 bytes)
[    2.792607] TCP: Hash tables configured (established 4096 bind 4096)
[    2.802459] UDP hash table entries: 256 (order: 1, 8192 bytes)
[    2.811925] UDP-Lite hash table entries: 256 (order: 1, 8192 bytes)
[    2.821868] NET: Registered protocol family 1
[    2.829877] pci 0000:00:00.0: Limiting direct PCI/PCI transfers
[    2.839776] pci 0000:00:01.0: Activating ISA DMA hang workarounds
[    2.850076] Unpacking initramfs...
[    4.102991] Freeing initrd memory: 10844K (ffff88001ecaa000 - ffff88001f741000)
[    4.116376] RAPL PMU detected, API unit is 2^-32 Joules, 4 fixed counters 10737418240 ms ovfl timer
[    4.131486] hw unit of domain pp0-core 2^-0 Joules
[    4.140159] hw unit of domain package 2^-0 Joules
[    4.148511] hw unit of domain dram 2^-0 Joules
[    4.156319] hw unit of domain pp1-gpu 2^-0 Joules
[    4.165588] platform rtc_cmos: registered platform RTC device (no PNP device found)
[    4.178704] Scanning for low memory corruption every 60 seconds
[    4.188844] audit: initializing netlink subsys (disabled)
[    4.197743] audit: type=2000 audit(1518146738.099:1): initialized
[    4.207478] Initialise system trusted keyring
[    4.215122] HugeTLB registered 2 MB page size, pre-allocated 0 pages
[    4.226453] zbud: loaded
[    4.232227] VFS: Disk quotas dquot_6.6.0
[    4.239445] VFS: Dquot-cache hash table entries: 512 (order 0, 4096 bytes)
[    4.250570] squashfs: version 4.0 (2009/01/31) Phillip Lougher
[    4.260465] fuse init (API version 7.23)
[    4.267872] Key type big_key registered
[    4.275251] Allocating IMA MOK and blacklist keyrings.
[    4.284118] Key type asymmetric registered
[    4.291529] Asymmetric key parser 'x509' registered
[    4.300122] Block layer SCSI generic (bsg) driver version 0.4 loaded (major 249)
[    4.313758] io scheduler noop registered
[    4.321146] io scheduler deadline registered (default)
[    4.329912] io scheduler cfq registered
[    4.337286] pci_hotplug: PCI Hot Plug PCI Core version: 0.5
[    4.346881] pciehp: PCI Express Hot Plug Controller Driver version: 0.4
[    4.357745] ACPI: AC Adapter [AC] (on-line)
[    4.365241] input: Power Button as /devices/LNXSYSTM:00/LNXPWRBN:00/input/input0
[    4.378773] ACPI: Power Button [PWRF]
[    4.386251] input: Sleep Button as /devices/LNXSYSTM:00/LNXSLPBN:00/input/input1
[    4.399314] ACPI: Sleep Button [SLPF]
[    4.406462] GHES: HEST is not enabled!
[    4.413621] Serial: 8250/16550 driver, 32 ports, IRQ sharing enabled
[    4.464014] 00:02: ttyS0 at I/O 0x3f8 (irq = 4, base_baud = 115200) is a 16550A
[    4.478535] Linux agpgart interface v0.103
[    4.486837] loop: module loaded
[    4.494589] scsi host0: ata_piix
[    4.501278] scsi host1: ata_piix
[    4.508291] ata1: PATA max UDMA/33 cmd 0x1f0 ctl 0x3f6 bmdma 0xd000 irq 14
[    4.519307] ata2: PATA max UDMA/33 cmd 0x170 ctl 0x376 bmdma 0xd008 irq 15
[    4.531871] libphy: Fixed MDIO Bus: probed
[    4.541062] tun: Universal TUN/TAP device driver, 1.6
[    4.550255] tun: (C) 1999-2004 Max Krasnyansky <maxk@qualcomm.com>
[    4.560215] PPP generic driver version 2.4.2
[    4.567793] ehci_hcd: USB 2.0 'Enhanced' Host Controller (EHCI) Driver
[    4.578211] ehci-pci: EHCI PCI platform driver
[    4.586562] ehci-platform: EHCI generic platform driver
[    4.595344] ohci_hcd: USB 1.1 'Open' Host Controller (OHCI) Driver
[    4.605179] ohci-pci: OHCI PCI platform driver
[    4.613181] ohci-platform: OHCI generic platform driver
[    4.622198] uhci_hcd: USB Universal Host Controller Interface driver
[    4.632896] i8042: PNP: PS/2 Controller [PNP0303:PS2K,PNP0f03:PS2M] at 0x60,0x64 irq 1,12
[    4.649261] serio: i8042 KBD port at 0x60,0x64 irq 1
[    4.657922] serio: i8042 AUX port at 0x60,0x64 irq 12
[    4.666933] mousedev: PS/2 mouse device common for all mice
[    4.677141] input: AT Translated Set 2 keyboard as /devices/platform/i8042/serio0/input/input2
[    4.693360] rtc_cmos rtc_cmos: rtc core: registered rtc_cmos as rtc0
[    4.704844] rtc_cmos rtc_cmos: alarms up to one day, 114 bytes nvram
[    4.715629] i2c /dev entries driver
[    4.722317] device-mapper: uevent: version 1.0.3
[    4.730358] device-mapper: ioctl: 4.34.0-ioctl (2015-10-28) initialised: dm-devel@redhat.com
[    4.745344] ledtrig-cpu: registered to indicate activity on CPUs
[    4.755521] NET: Registered protocol family 10
[    4.763590] NET: Registered protocol family 17
[    4.771468] Key type dns_resolver registered
[    4.779482] microcode: CPU0 sig=0x306c3, pf=0x40, revision=0x0
[    4.789466] microcode: Microcode Update Driver: v2.01 <tigran@aivazian.fsnet.co.uk>, Peter Oruba
[    4.804458] registered taskstats version 1
[    4.811948] Loading compiled-in X.509 certificates
[    4.821098] Loaded X.509 cert 'Build time autogenerated kernel key: 713bc24ccc5bf0d11d706d6f5bf7187ed23f7b25'
[    4.837779] zswap: loaded using pool lzo/zbud
[    4.846836] Key type trusted registered
[    4.855813] Key type encrypted registered
[    4.863581] AppArmor: AppArmor sha1 policy hashing enabled
[    4.894610] ima: No TPM chip found, activating TPM-bypass!
[    4.903667] evm: HMAC attrs: 0x1
[    4.911616]   Magic number: 6:340:411
[    4.918333]   hash matches /build/linux-5EyXrQ/linux-4.4.0/drivers/base/power/main.c:515
[    4.932535] rtc_cmos rtc_cmos: setting system clock to 2018-02-09 03:25:34 UTC (1518146734)
[    4.946465] BIOS EDD facility v0.16 2004-Jun-25, 0 devices found
[    4.956187] EDD information not available.
[    4.967273] Freeing unused kernel memory: 1488K (ffffffff81f45000 - ffffffff820b9000)
[    4.989883] Write protecting the kernel read-only data: 14336k
[    5.001438] Freeing unused kernel memory: 1756K (ffff880001849000 - ffff880001a00000)
[    5.015812] Freeing unused kernel memory: 112K (ffff880001de4000 - ffff880001e00000)
Loading, please wait...
starting version 229
[    5.043438] random: udevadm: uninitialized urandom read (16 bytes read, 3 bits of entropy available)
[    5.058959] random: systemd-udevd: uninitialized urandom read (16 bytes read, 3 bits of entropy available)
[    5.075227] random: systemd-udevd: uninitialized urandom read (16 bytes read, 3 bits of entropy available)
[    5.090905] random: udevadm: uninitialized urandom read (16 bytes read, 3 bits of entropy available)
[    5.106556] random: systemd-udevd: uninitialized urandom read (16 bytes read, 3 bits of entropy available)
[    5.122263] random: udevadm: uninitialized urandom read (16 bytes read, 3 bits of entropy available)
[    5.137740] random: systemd-udevd: uninitialized urandom read (16 bytes read, 3 bits of entropy available)
[    5.153968] random: udevadm: uninitialized urandom read (16 bytes read, 3 bits of entropy available)
[    5.169751] random: udevadm: uninitialized urandom read (16 bytes read, 3 bits of entropy available)
[    5.185420] random: udevadm: uninitialized urandom read (16 bytes read, 3 bits of entropy available)
[    5.228883] e1000: Intel(R) PRO/1000 Network Driver - version 7.3.21-k8-NAPI
[    5.239855] e1000: Copyright (c) 1999-2006 Intel Corporation.
[    5.260458] Fusion MPT base driver 3.04.20
[    5.268204] Copyright (c) 1999-2008 LSI Corporation
[    5.311155] AVX version of gcm_enc/dec engaged.
[    5.319166] AES CTR mode by8 optimization enabled
[    5.348571] Fusion MPT SPI Host driver 3.04.20
[    5.505847] input: ImExPS/2 Generic Explorer Mouse as /devices/platform/i8042/serio1/input/input4
[    6.156519] e1000 0000:00:03.0 eth0: (PCI:33MHz:32-bit) 02:df:35:49:a7:44
[    6.167078] e1000 0000:00:03.0 eth0: Intel(R) PRO/1000 Network Connection
[    6.179451] mptbase: ioc0: Initiating bringup
[    6.253805] ioc0: LSI53C1030 A0: Capabilities={Initiator}
[    6.493213] scsi host2: ioc0: LSI53C1030 A0, FwRev=00000000h, Ports=1, MaxQ=256, IRQ=20
[    6.650408] scsi 2:0:0:0: Direct-Access     VBOX     HARDDISK         1.0  PQ: 0 ANSI: 5
[    6.700295] scsi target2:0:0: Beginning Domain Validation
[    6.715846] scsi target2:0:0: Domain Validation skipping write tests
[    6.725543] scsi target2:0:0: Ending Domain Validation
[    6.744472] scsi target2:0:0: asynchronous
[    6.950598] scsi 2:0:1:0: Direct-Access     VBOX     HARDDISK         1.0  PQ: 0 ANSI: 5
[    6.983637] scsi target2:0:1: Beginning Domain Validation
[    7.108865] scsi target2:0:1: Domain Validation skipping write tests
[    7.118760] scsi target2:0:1: Ending Domain Validation
[    7.138050] scsi target2:0:1: asynchronous
[    7.339195] sd 2:0:0:0: Attached scsi generic sg0 type 0
[    7.348734] sd 2:0:0:0: [sda] 20971520 512-byte logical blocks: (10.7 GB/10.0 GiB)
[    7.373005] sd 2:0:1:0: Attached scsi generic sg1 type 0
[    7.382277] sd 2:0:1:0: [sdb] 20480 512-byte logical blocks: (10.5 MB/10.0 MiB)
[    7.406131] sd 2:0:0:0: [sda] Write Protect is off
[    7.425577] sd 2:0:1:0: [sdb] Write Protect is off
[    7.434457] sd 2:0:0:0: [sda] Incomplete mode parameter data
[    7.443679] sd 2:0:0:0: [sda] Assuming drive cache: write through
[    7.474916] sd 2:0:1:0: [sdb] Incomplete mode parameter data
[    7.484135] sd 2:0:1:0: [sdb] Assuming drive cache: write through
[    7.520244]  sda: sda1
[    7.540417] sd 2:0:1:0: [sdb] Attached SCSI disk
[    7.548588] sd 2:0:0:0: [sda] Attached SCSI disk
[    7.797392] e1000 0000:00:08.0 eth1: (PCI:33MHz:32-bit) 08:00:27:2f:63:fc
[    7.808427] e1000 0000:00:08.0 eth1: Intel(R) PRO/1000 Network Connection
[    7.821643] e1000 0000:00:08.0 enp0s8: renamed from eth1
[    7.831981] e1000 0000:00:03.0 enp0s3: renamed from eth0
[    8.327619] floppy0: no floppy controllers found
Begin: Loading essential drivers ... [   11.523694] md: linear personality registered for level -1
[   11.535619] md: multipath personality registered for level -4
[   11.547634] md: raid0 personality registered for level 0
[   11.582483] md: raid1 personality registered for level 1
[   11.669141] raid6: sse2x1   gen() 13706 MB/s
[   11.759029] raid6: sse2x1   xor() 10834 MB/s
[   11.838859] raid6: sse2x2   gen() 17766 MB/s
[   11.918211] raid6: sse2x2   xor() 11957 MB/s
[   11.998057] raid6: sse2x4   gen() 20659 MB/s
[   12.077912] raid6: sse2x4   xor() 14253 MB/s
[   12.085256] raid6: using algorithm sse2x4 gen() 20659 MB/s
[   12.094476] raid6: .... xor() 14253 MB/s, rmw enabled
[   12.103087] raid6: using ssse3x2 recovery algorithm
[   12.113671] xor: automatically using best checksumming function:
[   12.217677]    avx       : 65778.000 MB/sec
[   12.228653] async_tx: api initialized (async)
[   12.251234] md: raid6 personality registered for level 6
[   12.260442] md: raid5 personality registered for level 5
[   12.269226] md: raid4 personality registered for level 4
[   12.283575] md: raid10 personality registered for level 10
done.
Begin: Running /scripts/init-premount ... done.
Begin: Mounting root file system ... Begin: Running /scripts/local-top ... done.
Begin: Running /scripts/local-premount ... [   12.357633] Btrfs loaded
Scanning for Btrfs filesystems
done.
Warning: fsck not present, so skipping root file system
[   12.414437] EXT4-fs (sda1): mounted filesystem with ordered data mode. Opts: (null)
done.
Begin: Running /scripts/local-bottom ... done.
Begin: Running /scripts/init-bottom ... done.
[   12.563181] systemd[1]: systemd 229 running in system mode. (+PAM +AUDIT +SELINUX +IMA +APPARMOR +SMACK +SYSVINIT +UTMP +LIBCRYPTSETUP +GCRYPT +GNUTLS +ACL +XZ -LZ4 +SECCOMP +BLKID +ELFUTILS +KMOD -IDN)
[   12.590902] systemd[1]: Detected virtualization oracle.
[   12.600701] systemd[1]: Detected architecture x86-64.

Welcome to [1mUbuntu 16.04.2 LTS[0m!

[   12.622660] systemd[1]: Set hostname to <ubuntu>.
[   12.635657] systemd[1]: Initializing machine ID from random generator.
[   12.645851] systemd[1]: Installed transient /etc/machine-id file.
[   12.832862] systemd[1]: Set up automount Arbitrary Executable File Formats File System Automount Point.
[[0;32m  OK  [0m] Set up automount Arbitrary Executab...ats File System Automount Point.
[   12.861670] systemd[1]: Created slice System Slice.
[[0;32m  OK  [0m] Created slice System Slice.
[   12.879720] systemd[1]: Listening on LVM2 metadata daemon socket.
[[0;32m  OK  [0m] Listening on LVM2 metadata daemon socket.
[   12.900624] systemd[1]: Listening on Journal Socket (/dev/log).
[[0;32m  OK  [0m] Listening on Journal Socket (/dev/log).
[   12.920461] systemd[1]: Listening on LVM2 poll daemon socket.
[[0;32m  OK  [0m] Listening on LVM2 poll daemon socket.
[   12.941052] systemd[1]: Created slice User and Session Slice.
[[0;32m  OK  [0m] Created slice User and Session Slice.
[   12.960505] systemd[1]: Started Forward Password Requests to Wall Directory Watch.
[[0;32m  OK  [0m] Started Forward Password Requests to Wall Directory Watch.
[   12.986066] systemd[1]: Reached target User and Group Name Lookups.
[[0;32m  OK  [0m] Reached target User and Group Name Lookups.
[   13.006836] systemd[1]: Reached target Swap.
[[0;32m  OK  [0m] Reached target Swap.
[   13.024268] systemd[1]: Listening on udev Control Socket.
[[0;32m  OK  [0m] Listening on udev Control Socket.
[   13.043051] systemd[1]: Listening on Journal Socket.
[[0;32m  OK  [0m] Listening on Journal Socket.
[   13.062169] systemd[1]: Mounting Huge Pages File System...
         Mounting Huge Pages File System...
[   13.082734] systemd[1]: Starting Set console keymap...
         Starting Set console keymap...
[   13.116048] systemd[1]: Starting Nameserver information manager...
         Starting Nameserver information manager...
[   13.138557] systemd[1]: Starting Uncomplicated firewall...
         Starting Uncomplicated firewall...
[   13.158673] systemd[1]: Started Trigger resolvconf update for networkd DNS.
[[0;32m  OK  [0m] Started Trigger resolvconf update for networkd DNS.
[   13.181497] systemd[1]: Listening on Device-mapper event daemon FIFOs.
[[0;32m  OK  [0m] Listening on Device-mapper event daemon FIFOs.
[   13.203532] systemd[1]: Listening on udev Kernel Socket.
[[0;32m  OK  [0m] Listening on udev Kernel Socket.
[   13.223766] systemd[1]: Created slice system-serial\x2dgetty.slice.
[[0;32m  OK  [0m] Created slice system-serial\x2dgetty.slice.
[   13.245882] systemd[1]: Mounting Debug File System...
         Mounting Debug File System...
[   13.266024] systemd[1]: Starting Create list of required static device nodes for the current kernel...
         Starting Create list of required st... nodes for the current kernel...
[   13.296779] systemd[1]: Listening on Syslog Socket.
[[0;32m  OK  [0m] Listening on Syslog Socket.
[   13.315233] systemd[1]: Reached target Slices.
[[0;32m  OK  [0m] Reached target Slices.
[   13.333734] systemd[1]: Starting Remount Root and Kernel File Systems...
[   13.349054] EXT4-fs (sda1): re-mounted. Opts: (null)
         Starting Remount Root and Kernel File Systems...
[   13.366363] systemd[1]: Starting Monitoring of LVM2 mirrors, snapshots etc. using dmeventd or progress polling...
         Starting Monitoring of LVM2 mirrors... dmeventd or progress polling...
[   13.399103] systemd[1]: Listening on /dev/initctl Compatibility Named Pipe.
[   13.410548] random: nonblocking pool is initialized
[[0;32m  OK  [0m] Listening on /dev/initctl Compatibility Named Pipe.
[   13.438548] systemd[1]: Starting Load Kernel Modules...
         Starting Load Kernel Modules...
[   13.462523] systemd[1]: Reached target Encrypted Volumes.
[   13.475139] Loading iSCSI transport class v2.0-870.
[[0;32m  OK  [0m] Reached target Encrypted Volumes.
[   13.495072] systemd[1]: Mounting POSIX Message Queue File System...
[   13.514492] iscsi: registered transport (tcp)
         Mounting POSIX Message Queue File System...
[   13.532488] systemd[1]: Listening on Journal Audit Socket.
[[0;32m  OK  [0m] Listening on Journal Audit Socket.
[   13.563719] systemd[1]: Starting Journal Service...
         Starting Journal Service...
[   13.600319] systemd[1]: Mounted Huge Pages File System.
[[0;32m  OK  [0m] Mounted Huge Pages File System.[   13.624737] iscsi: registered transport (iser)

[   13.634337] systemd[1]: Mounted Debug File System.
[[0;32m  OK  [0m] Mounted Debug File System.
[   13.654305] systemd[1]: Mounted POSIX Message Queue File System.
[[0;32m  OK  [0m] Mounted POSIX Message Queue File System.
[   13.675957] systemd[1]: Started Journal Service.
[[0;32m  OK  [0m] Started Journal Service.
[[0;32m  OK  [0m] Started Set console keymap.
[[0;32m  OK  [0m] Started Uncomplicated firewall.
[[0;32m  OK  [0m] Started Create list of required sta...ce nodes for the current kernel.
[[0;32m  OK  [0m] Started Remount Root and Kernel File Systems.
[[0;32m  OK  [0m] Started Load Kernel Modules.
[[0;32m  OK  [0m] Started Nameserver information manager.
[[0;32m  OK  [0m] Started LVM2 metadata daemon.
         Starting Apply Kernel Variables...
         Mounting FUSE Control File System...
         Starting Initial cloud-init job (pre-networking)...
         Starting udev Coldplug all Devices...
         Starting Load/Save Random Seed...
         Starting Create Static Device Nodes in /dev...
         Starting Flush Journal to Persistent Storage...
[[0;32m  OK  [0m] Mounted FUSE Control File System.
[[0;32m  OK  [0m] Started Apply Kernel Variables.
[[0;32m  OK  [0m] Started Load/Save Random Seed.
[[0;32m  OK  [0m] Started Create Static Device Nodes in /dev.
[[0;32m  OK  [0m] Started udev Coldplug all Devices.
[[0;32m  OK  [0m] Started Monitoring of LVM2 mirrors,...ng dmeventd or progress polling.
[[0;32m  OK  [0m] Started Flush Journal to Persistent Storage.
         Starting udev Kernel Device Manager...
[[0;32m  OK  [0m] Started udev Kernel Device Manager.
[[0;32m  OK  [0m] Started Dispatch Password Requests to Console Directory Watch.
[[0;32m  OK  [0m] Reached target Local File Systems (Pre).
[[0;32m  OK  [0m] Reached target Local File Systems.
         Starting Create Volatile Files and Directories...
         Starting LSB: AppArmor initialization...
         Starting Tell Plymouth To Write Out Runtime Data...
         Starting Set console font and keymap...
         Starting Commit a transient machine-id on disk...
[[0;32m  OK  [0m] Started Create Volatile Files and Directories.
[[0;32m  OK  [0m] Started Tell Plymouth To Write Out Runtime Data.
[[0;32m  OK  [0m] Started Commit a transient machine-id on disk.
         Starting Update UTMP about System Boot/Shutdown...
[[0;32m  OK  [0m] Reached target System Time Synchronized.
[[0;32m  OK  [0m] Started Update UTMP about System Boot/Shutdown.
[[0;32m  OK  [0m] Found device /dev/ttyS0.
[   13.917887] cloud-init[451]: Cloud-init v. 0.7.9 running 'init-local' at Fri, 09 Feb 2018 03:25:44 +0000. Up 13.41 seconds.
[[0;32m  OK  [0m] Started Initial cloud-init job (pre-networking).
[[0;32m  OK  [0m] Started LSB: AppArmor initialization.
[[0;32m  OK  [0m] Listening on Load/Save RF Kill Switch Status /dev/rfkill Watch.
[[0;32m  OK  [0m] Reached target Network (Pre).
         Starting Raise network interfaces...
[[0;32m  OK  [0m] Started Set console font and keymap.
[[0;32m  OK  [0m] Created slice system-getty.slice.
[[0;32m  OK  [0m] Started Raise network interfaces.
         Starting Initial cloud-init job (metadata service crawler)...
[[0;32m  OK  [0m] Reached target Network.
[   21.265807] cloud-init[961]: Cloud-init v. 0.7.9 running 'init' at Fri, 09 Feb 2018 03:25:52 +0000. Up 20.78 seconds.
[   21.296626] cloud-init[961]: ci-info: ++++++++++++++++++++++++++++++++++++++Net device info++++++++++++++++++++++++++++++++++++++
[   21.332744] [[0;32m  OK  [0m] cloud-init[961]: ci-info: +--------+-------+----------------------------+---------------+-------+-------------------+Started Initial cloud-init job (metadata service crawler).
[[0;32m  OK  [0m] 
[   21.365335] cloud-initReached target Cloud-config availability.
[[0;32m  OK  [0m] [961]: ci-info: | Device |   Up  |          Address           |      Mask     | Scope |     Hw-Address    |Reached target Network is Online.
         Starting iSCSI initiator daemon (iscsid)...
[[0;32m  OK  [0m] Reached target System Initialization.
[[0;32m  OK  [0m] Listening on UUID daemon activation socket.
[[0;32m  OK  [0m] Started Daily apt activities.
         Starting LXD - unix socket.
         Starting Socket activation for snappy daemon.
[[0;32m  OK  [0m] Listening on ACPID Listen Socket.
[[0;32m  OK  [0m] Started Daily Cleanup of Temporary Directories.
[[0;32m  OK  [0m] Listening on D-Bus System Message Bus Socket.
[[0;32m  OK  [0m] Started Timer to automatically refresh installed snaps.
[[0;32m  OK  [0m] Reached target Timers.
[[0;32m  OK  [0m] Started ACPI Events Check.
[[0;32m  OK  [0m] Reached target Paths.
[[0;32m  OK  [0m] Listening on Socket activation for snappy daemon.
[[0;32m  OK  [0m] Listening on LXD - unix socket.
[[0;32m  OK  [0m] Reached target Sockets.
[[0;32m  OK  [0m] Reached target Basic System.
         Starting /etc/rc.local Compatibility...
[[0;32m  OK  [0m] Started Unattended Upgrades Shutdown.
         Starting System Logging Service...

[   21.497645] [[0;32m  OK  [0m] Started Regular background program processing daemon.cloud-init[961]: ci-info: +--------+-------+----------------------------+---------------+-------+-------------------+
         Starting LSB: Record successful boot for GRUB...

         Starting Apply the settings specified in cloud-config...[   21.545869] 
         Starting Login Service...
[[0;32m  OK  [0m] Started FUSE filesystem for LXC.cloud-init[961]: 
[[0;32m  OK  [0m] ci-info: |   lo   |  True |         127.0.0.1          |   255.0.0.0   |   .   |         .         |Started Snappy daemon.
         Starting Auto import assertions from block devices...
[[0;32m  OK  [0m] Started D-Bus System Message Bus.

[[0;32m  OK  [0m[   21.670930] ] Started ACPI event daemon.
         cloud-initStarting LSB: MD monitoring daemon...
         Starting Pollinate to seed the pseudo random number generator...
[[961]: ci-info: |   lo   |  True |          ::1/128           |       .       |  host |         .         |[0;32m  OK  [0m] Started Deferred execution scheduler.
         Starting Accounts Service...
         Starting LXD - container startup/shutdown...
[[0;32m  OK  [0m] Started System Logging Service.

[[0;32m  OK  [0m] Started Auto import assertions from block devices.[   21.824876] 
cloud-init[[0;32m  OK  [0m] Started iSCSI initiator daemon (iscsid).
[961]: ci-info: | enp0s8 | False |             .              |       .       |   .   | 08:00:27:2f:63:fc |[[0;32m  OK  [0m] Started LSB: Record successful boot for GRUB.
[[0;32m  OK  [0m] Started LSB: MD monitoring daemon.
[[0;32m  OK  [0m] Started Login Service.
         Starting Authenticate and Authorize Users to Run Privileged Tasks...

         Starting Login to default iSCSI targets...
[[0;32m  OK  [0m] Started Login to default iSCSI targets.
[[0;32m  OK  [0m] Started LXD - container startup/shutdown.
[[0;32m  OK  [0m] Reached target Remote File Systems (Pre).[   22.030952] cloud-init
[[0;32m  OK  [0m[961]: ] Reached target Remote File Systems.
         ci-info: | enp0s3 |  True |         10.0.2.15          | 255.255.255.0 |   .   | 02:df:35:49:a7:44 |Starting LSB: daemon to balance interrupts for SMP systems...
         Starting LSB: Set the CPU Frequency Scaling governor to "ondemand"...
         Starting LSB: automatic crash report generation...
         Starting LSB: VirtualBox Linux Additions...
         Starting Permit User Sessions...
[[0;32m  OK  [0m] Started Permit User Sessions.
[[0;32m  OK  [0m
[   22.237868] cloud-init] Started Authenticate and Authorize Users to Run Privileged Tasks.
[[0;32m  OK  [0m] Started Accounts Service.
[961]: [[0;32m  OK  [0m] Started LSB: Set the CPU Frequency Scaling governor to "ondemand".
ci-info: | enp0s3 |  True | fe80::df:35ff:fe49:a744/64 |       .       |  link | 02:df:35:49:a7:44 |[[0;32m  OK  [0m] Started LSB: automatic crash report generation.
[[0;32m  OK  [0m] Started /etc/rc.local Compatibility.
[[0;32m  OK  [0m] Started LSB: daemon to balance interrupts for SMP systems.
         Starting Hold until boot process finishes up...
[   22.405934] cloud-init
         Starting Terminate Plymouth Boot Screen...
[[0;32m  OK  [0m] Started Hold until boot process finishes up.[961]: 
[[0;32m  OK  [0mci-info: +--------+-------+----------------------------+---------------+-------+-------------------+] Started Terminate Plymouth Boot Screen.
[[0;32m  OK  [0m] Started Getty on tty1.
[[0;32m  OK  [0m] Started Serial Getty on ttyS0.

[[0;32m  OK  [0m] Reached target Login Prompts.[   22.529125] 
         Starting Set console scheme...
cloud-init[[0;32m  OK  [0m] Started LSB: VirtualBox Linux Additions.[961]: ci-info: +++++++++++++++++++++++++++Route IPv4 info++++++++++++++++++++++++++++
[[0;32m  OK  [0m] Started Set console scheme.

[   22.628722] cloud-init[961]: ci-info: +-------+-------------+----------+---------------+-----------+-------+
[   22.685454] cloud-init[961]: ci-info: | Route | Destination | Gateway  |    Genmask    | Interface | Flags |
[   22.725225] cloud-init[961]: ci-info: +-------+-------------+----------+---------------+-----------+-------+
[   22.751776] cloud-init[961]: ci-info: |   0   |   0.0.0.0   | 10.0.2.2 |    0.0.0.0    |   enp0s3  |   UG  |
[   22.785171] cloud-init[961]: ci-info: |   1   |   10.0.2.0  | 0.0.0.0  | 255.255.255.0 |   enp0s3  |   U   |
[   22.835052] cloud-init[961]: ci-info: +-------+-------------+----------+---------------+-----------+-------+
[   22.883141] cloud-init[961]: Generating public/private rsa key pair.
[   22.925010] cloud-init[961]: Your identification has been saved in /etc/ssh/ssh_host_rsa_key.
[   22.965010] cloud-init[961]: Your public key has been saved in /etc/ssh/ssh_host_rsa_key.pub.
[   23.012526] cloud-init[961]: The key fingerprint is:
[   23.042226] cloud-init[961]: SHA256:AMCBsh6PxsOsCtilPng9gs4qjFMe/V5dE+FXciYuD4U root@ubuntu-xenial
[   23.084760] cloud-init[961]: The key's randomart image is:
[   23.120910] cloud-init[961]: +---[RSA 2048]----+
[   23.146035] cloud-init[961]: | ooo.       ..+ +|
[   23.184585] cloud-init[961]: |o .  .     .E+ * |
[   23.212298] cloud-init[961]: |..    .     = o  |
[   23.252716] cloud-init[961]: |..     .     *   |
[   23.276487] cloud-init[961]: |= +..   S   o .  |
[   23.309099] cloud-init[961]: |.Xo+.    . . .   |
[   23.352528] cloud-init[961]: |B=+o .  . .      |
[   23.427919] cloud-init[961]: |Xo= o ..         |
[   23.463061] cloud-init[961]: |B=.o o.          |
[   23.503151] [[0;32m  OK  [0mcloud-init[961]: ] Started Pollinate to seed the pseudo random number generator.+----[SHA256]-----+
         Starting OpenBSD Secure Shell server...

[[0;32m  OK  [0m] Started OpenBSD Secure Shell server.[   23.560678] 
[cloud-init[961]: Generating public/private dsa key pair.[0;32m  OK  [0m] Reached target Multi-User System.
[[0;32m  OK  [0m] Reached target Graphical Interface.
         Starting Update UTMP about System Runlevel Changes...
[[0;32m  OK  [0m] Started Update UTMP about System Runlevel Changes.

[   23.692508] cloud-init[961]: Your identification has been saved in /etc/ssh/ssh_host_dsa_key.
[   23.732442] cloud-init[961]: Your public key has been saved in /etc/ssh/ssh_host_dsa_key.pub.
[   23.775977] cloud-init[961]: The key fingerprint is:
[   23.818709] cloud-init[961]: SHA256:j1BsmLQJioJIEU9BLCewtuAmx5teFIzg4x1S7I/uJOY root@ubuntu-xenial
[   23.864777] cloud-init[961]: The key's randomart image is:
[   23.902343] cloud-init[961]: +---[DSA 1024]----+
[   23.927581] cloud-init[961]: |++*=o .          |
[   23.972390] cloud-init[961]: |=*+B o *         |
[   23.997900] cloud-init[961]: |B=Boo = +        |
[   24.021941] cloud-init[961]: |*.=... o         |
[   24.060179] cloud-init[961]: |.=o.+ . S        |
[   24.102585] cloud-init[961]: |o. = . . o       |
[   24.132004] cloud-init[961]: | o+..   . .      |
[   24.172733] cloud-init[961]: |o.oo             |
[   24.192344] cloud-init[961]: | Eo.             |
[   24.214361] cloud-init[961]: +----[SHA256]-----+
[   24.237239] cloud-init[961]: Generating public/private ecdsa key pair.
[   24.272127] cloud-init[961]: Your identification has been saved in /etc/ssh/ssh_host_ecdsa_key.
[   24.303932] cloud-init[961]: Your public key has been saved in /etc/ssh/ssh_host_ecdsa_key.pub.
[   24.334523] cloud-init[961]: The key fingerprint is:
[   24.369676] cloud-init[961]: SHA256:3XqypVrYsSasNKwLSdGxse378pHiCiFiw2DAM3dr6hE root@ubuntu-xenial
[   24.400555] cloud-init[961]: The key's randomart image is:
[   24.419210] cloud-init[961]: +---[ECDSA 256]---+
[   24.443292] cloud-init[961]: |o   o            |
[   24.468881] cloud-init[961]: |.+ o B           |
[   24.488680] cloud-init[961]: |..= = o          |
[   24.510198] cloud-init[961]: |+  E +   . .     |
[   24.531423] cloud-init[961]: |o+o + . S o .    |
[   24.578188] cloud-init[961]: |oo.= . o + +     |
[   24.610147] cloud-init[961]: |  = . * * B o    |
[   24.651971] cloud-init[961]: |   + +.= = *     |
[   24.673827] cloud-init[961]: |    +ooo+.o      |
[   24.691939] cloud-init[961]: +----[SHA256]-----+
[   24.714300] cloud-init[961]: Generating public/private ed25519 key pair.
[   24.733847] cloud-init[961]: Your identification has been saved in /etc/ssh/ssh_host_ed25519_key.
[   24.761904] cloud-init[961]: Your public key has been saved in /etc/ssh/ssh_host_ed25519_key.pub.
[   24.804881] cloud-init[961]: The key fingerprint is:
[   24.832087] cloud-init[961]: SHA256:aWoiiFs+XQU2wG+RSeymxDjRsh1z/qBodI6T+qys9cE root@ubuntu-xenial
[   24.853949] cloud-init[961]: The key's randomart image is:
[   24.893383] cloud-init[961]: +--[ED25519 256]--+
[   24.914329] cloud-init[961]: |   o.+.o         |
[   24.926785] cloud-init[961]: |  o = X          |
[   24.952027] cloud-init[961]: |   B O +         |
[   24.964914] cloud-init[961]: |  = = B ..       |
[   25.005713]          Stopping OpenBSD Secure Shell server...cloud-init[961]: | . O = +S        |

[   25.020451] cloud-init[961]: [[0;32m  OK  [0m] Stopped OpenBSD Secure Shell server.
|..*.+ .o.        |
[   25.035984]          Starting OpenBSD Secure Shell server...cloud-init[961]: |oo+oE.o          |

[[0;32m  OK  [0m] Started OpenBSD Secure Shell server.
[   25.067423] cloud-init[961]: |o*.o.+           |
[   25.105122] cloud-init[961]: |=++..            |
[   25.118179] cloud-init[961]: +----[SHA256]-----+
[[0;32m  OK  [0m] Created slice User Slice of ubuntu.[   25.176482] 
cloud-init[1068]: Generating locales (this might take a while)...         Starting User Manager for UID 1000...

[   25.217587] [[0;32m  OK  [0m] Started User Manager for UID 1000.cloud-init[1068]:   en_US.UTF-8... done

[[0;32m  OK  [0m[   25.249975] ] Started Session 1 of user ubuntu.cloud-init[1068]: 
Generation complete.
[   25.543335] cloud-init[1068]: Cloud-init v. 0.7.9 running 'modules:config' at Fri, 09 Feb 2018 03:25:54 +0000. Up 23.00 seconds.
[[0;32m  OK  [0m] Started Apply the settings specified in cloud-config.
         Starting Execute cloud user/final scripts...
ci-info: no authorized ssh keys fingerprints found for user ubuntu.
<14>Feb  9 03:25:57 ec2: 
<14>Feb  9 03:25:57 ec2: #############################################################
<14>Feb  9 03:25:57 ec2: -----BEGIN SSH HOST KEY FINGERPRINTS-----
<14>Feb  9 03:25:57 ec2: 1024 SHA256:j1BsmLQJioJIEU9BLCewtuAmx5teFIzg4x1S7I/uJOY root@ubuntu-xenial (DSA)
<14>Feb  9 03:25:57 ec2: 256 SHA256:3XqypVrYsSasNKwLSdGxse378pHiCiFiw2DAM3dr6hE root@ubuntu-xenial (ECDSA)
<14>Feb  9 03:25:57 ec2: 256 SHA256:aWoiiFs+XQU2wG+RSeymxDjRsh1z/qBodI6T+qys9cE root@ubuntu-xenial (ED25519)
<14>Feb  9 03:25:57 ec2: 2048 SHA256:AMCBsh6PxsOsCtilPng9gs4qjFMe/V5dE+FXciYuD4U root@ubuntu-xenial (RSA)
<14>Feb  9 03:25:57 ec2: -----END SSH HOST KEY FINGERPRINTS-----
<14>Feb  9 03:25:57 ec2: #############################################################
-----BEGIN SSH HOST KEY KEYS-----
ecdsa-sha2-nistp256 AAAAE2VjZHNhLXNoYTItbmlzdHAyNTYAAAAIbmlzdHAyNTYAAABBBOqq1oMMT6eqXPj9fo2V8BUUSy6gyzdjJLAl4h+98Y+5FGmv6UnfPIRzOTPuDK1oXcKod7sGfGXjfHVI/aNxZsA= root@ubuntu-xenial
ssh-ed25519 AAAAC3NzaC1lZDI1NTE5AAAAII2eUxrbyIkBffR11SGbIPJnBkQ8NkAmVc1riZIpbqUb root@ubuntu-xenial
ssh-rsa AAAAB3NzaC1yc2EAAAADAQABAAABAQC5htXWEIIyy2GJn+Vt+RtKMVcKJvqnqIKI4QJbIBCob9h4nayARIAaORpjUxb1y0shy2ZW0oT+P3iEPkCOOLodDyCWlrl/+DNB7kXySBD7edzfV3enE/2rSArCzO6+X0BoTnw8iD1zjLjDpAr6lnV4RUpLvDfZqSQVT881cxb1Gc6N3UqslNFy0afzVpLo+MTSOFb4WMvWOBZA/knvfcxbaQJI5cuWERobTbQz0nWFHxyPnjDA6vm5S51FE1ZCOrzJk5+IUZVrTThb1JxlhPvjKWYCczdpsAwerlKG1VeA0j8/rkD6SgYPyl/XaSasWapIrPTq56OUgcw0dyNxpmMV root@ubuntu-xenial
-----END SSH HOST KEY KEYS-----
[   26.410990] cloud-init[1421]: Cloud-init v. 0.7.9 running 'modules:final' at Fri, 09 Feb 2018 03:25:57 +0000. Up 26.04 seconds.
[   26.471844] cloud-init[1421]: ci-info: no authorized ssh keys fingerprints found for user ubuntu.
[   26.521754] cloud-init[1421]: Cloud-init v. 0.7.9 finished at Fri, 09 Feb 2018 03:25:57 +0000. Datasource DataSourceNoCloud [seed=/dev/sdb][dsmode=net].  Up 26.40 seconds[[0;32m  OK  [0m] Started Execute cloud user/final scripts.

[[0;32m  OK  [0m] Reached target Cloud-init target.

Ubuntu 16.04.2 LTS ubuntu-xenial ttyS0

ubuntu-xenial login: 